// Jest Snapshot v1, https://goo.gl/fbAQLP

exports[`Movements should render movements 1`] = `
<DocumentFragment>
  <div
    class="-mx-4 sm:-mx-8 px-4 sm:px-8 overflow-x-auto"
  >
    <div
      class="inline-block min-w-full shadow sm:rounded-lg border-b border-gray-200 overflow-hidden"
    >
      <table
        class="min-w-full divide-y divide-gray-200"
      >
        <thead
          class="bg-gray-50"
        >
          <tr>
            <th
              class="px-5 py-3 text-xs font-semibold text-gray-500 uppercase tracking-wider text-center"
            >
              Date
            </th>
            <th
              class="px-5 py-3 text-xs font-semibold text-gray-500 uppercase tracking-wider text-right"
            >
              Amount
            </th>
            <th
              class="px-5 py-3 text-xs font-semibold text-gray-500 uppercase tracking-wider text-right"
            >
              Balance
            </th>
          </tr>
        </thead>
        <tbody
          class="bg-white divide-y divide-gray-200"
        >
          <tr>
            <td
              class="px-5 py-5 text-sm text-center"
            >
              January 1, 2022
            </td>
            <td
              class="px-5 py-5 text-sm text-right text-green-500"
            >
              +$100.00
            </td>
            <td
              class="px-5 py-5 text-sm text-right"
            >
              $100.00
            </td>
          </tr>
          <tr>
            <td
              class="px-5 py-5 text-sm text-center"
            >
              January 2, 2022
            </td>
            <td
              class="px-5 py-5 text-sm text-right text-red-500"
            >
              -$50.00
            </td>
            <td
              class="px-5 py-5 text-sm text-right"
            >
              $50.00
            </td>
          </tr>
        </tbody>
      </table>
    </div>
  </div>
</DocumentFragment>
`;
